main.c:181:5:main	640	static
main.c:677:6:SystemClock_Config	88	static
main.c:723:13:MX_ADC1_Init	56	static
main.c:845:13:MX_ADC2_Init	56	static
main.c:967:13:MX_ADC3_Init	56	static
main.c:1089:13:MX_CAN1_Init	8	static
main.c:1126:13:MX_I2C1_Init	8	static
main.c:1160:13:MX_I2C2_Init	8	static
main.c:1194:13:MX_SPI2_Init	8	static
main.c:1232:13:MX_TIM1_Init	96	static
main.c:1325:13:MX_TIM2_Init	64	static
main.c:1383:13:MX_TIM8_Init	56	static
main.c:1436:13:MX_TIM9_Init	56	static
main.c:1493:13:MX_TIM12_Init	56	static
main.c:1544:13:MX_TIM13_Init	24	static
main.c:1589:13:MX_USART3_UART_Init	8	static
main.c:1622:13:MX_USB_OTG_FS_PCD_Init	8	static
main.c:1655:13:MX_DMA_Init	16	static
main.c:1683:13:MX_GPIO_Init	56	static
main.c:1753:6:delayMs	24	static
main.c:1761:6:delay_SPI	16	static
main.c:1778:6:myDelay	8	static
main.c:1783:6:playSound	24	static
main.c:1801:6:HAL_GPIO_EXTI_Callback	16	static,ignoring_inline_asm
main.c:1815:6:HAL_TIM_IC_CaptureCallback	64	static
main.c:1998:6:calc_lookup	40	static
main.c:2005:6:DMAUSARTTransferComplete	16	static
main.c:2009:6:HAL_ADC_ConvHalfCpltCallback	16	static
main.c:2013:6:HAL_ADC_ConvCpltCallback	16	static
main.c:2027:6:Error_Handler	4	static
