main.c:164:5:main	752	static
main.c:631:6:SystemClock_Config	88	static
main.c:675:13:MX_ADC1_Init	24	static
main.c:725:13:MX_ADC2_Init	24	static
main.c:791:13:MX_CAN1_Init	8	static
main.c:828:13:MX_I2C1_Init	8	static
main.c:862:13:MX_I2C2_Init	8	static
main.c:896:13:MX_SPI2_Init	8	static
main.c:934:13:MX_TIM1_Init	96	static
main.c:1017:13:MX_TIM2_Init	64	static
main.c:1075:13:MX_TIM8_Init	56	static
main.c:1128:13:MX_TIM9_Init	56	static
main.c:1185:13:MX_TIM12_Init	56	static
main.c:1236:13:MX_TIM13_Init	24	static
main.c:1281:13:MX_USART3_UART_Init	8	static
main.c:1312:13:MX_DMA_Init	16	static
main.c:1334:13:MX_GPIO_Init	56	static
main.c:1394:6:delayMs	24	static
main.c:1412:6:myDelay	8	static
main.c:1417:6:playSound	24	static
main.c:1435:6:HAL_GPIO_EXTI_Callback	16	static,ignoring_inline_asm
main.c:1448:6:HAL_TIM_IC_CaptureCallback	48	static
main.c:1584:6:calc_lookup	40	static
main.c:1591:6:DMAUSARTTransferComplete	16	static
main.c:1595:6:HAL_ADC_ConvHalfCpltCallback	16	static
main.c:1599:6:HAL_ADC_ConvCpltCallback	16	static
main.c:1610:6:Error_Handler	4	static
