main.c:173:5:main	584	static
main.c:632:6:SystemClock_Config	88	static
main.c:678:13:MX_ADC1_Init	56	static
main.c:800:13:MX_ADC2_Init	56	static
main.c:922:13:MX_ADC3_Init	56	static
main.c:1044:13:MX_CAN1_Init	8	static
main.c:1081:13:MX_I2C1_Init	8	static
main.c:1115:13:MX_I2C2_Init	8	static
main.c:1149:13:MX_SPI2_Init	8	static
main.c:1187:13:MX_TIM1_Init	96	static
main.c:1280:13:MX_TIM2_Init	64	static
main.c:1338:13:MX_TIM8_Init	56	static
main.c:1391:13:MX_TIM9_Init	56	static
main.c:1448:13:MX_TIM12_Init	56	static
main.c:1499:13:MX_TIM13_Init	24	static
main.c:1544:13:MX_USART3_UART_Init	8	static
main.c:1577:13:MX_USB_OTG_FS_PCD_Init	8	static
main.c:1610:13:MX_DMA_Init	16	static
main.c:1638:13:MX_GPIO_Init	56	static
main.c:1708:6:delayMs	24	static
main.c:1726:6:myDelay	8	static
main.c:1731:6:playSound	24	static
main.c:1749:6:HAL_GPIO_EXTI_Callback	16	static,ignoring_inline_asm
main.c:1762:6:HAL_TIM_IC_CaptureCallback	48	static
main.c:1898:6:calc_lookup	40	static
main.c:1905:6:DMAUSARTTransferComplete	16	static
main.c:1909:6:HAL_ADC_ConvHalfCpltCallback	16	static
main.c:1913:6:HAL_ADC_ConvCpltCallback	16	static
main.c:1927:6:Error_Handler	4	static
