main.c:410:5:main	776	static
main.c:1221:6:SystemClock_Config	104	static
main.c:1275:13:MX_ADC1_Init	72	static
main.c:1398:13:MX_ADC2_Init	56	static
main.c:1508:13:MX_ADC3_Init	56	static
main.c:1618:13:MX_CAN1_Init	8	static
main.c:1655:13:MX_I2C1_Init	8	static
main.c:1689:13:MX_I2C2_Init	8	static
main.c:1723:13:MX_RTC_Init	8	static
main.c:1757:13:MX_SPI2_Init	8	static
main.c:1795:13:MX_TIM1_Init	96	static
main.c:1888:13:MX_TIM2_Init	64	static
main.c:1946:13:MX_TIM3_Init	64	static
main.c:2004:13:MX_TIM5_Init	32	static
main.c:2049:13:MX_TIM6_Init	16	static
main.c:2087:13:MX_TIM8_Init	56	static
main.c:2140:13:MX_TIM9_Init	56	static
main.c:2197:13:MX_TIM12_Init	56	static
main.c:2248:13:MX_TIM13_Init	24	static
main.c:2293:13:MX_USART3_UART_Init	8	static
main.c:2326:13:MX_USB_OTG_FS_PCD_Init	8	static
main.c:2359:13:MX_DMA_Init	16	static
main.c:2387:13:MX_GPIO_Init	56	static
main.c:2458:6:set_pwm_off	4	static
main.c:2464:6:step_through_pole_angles	352	static
main.c:2541:6:step_through_pwm_percent	16	static
main.c:2554:6:explore_limits	24	static
main.c:2585:6:delayMs	24	static
main.c:2593:6:delay_SPI	16	static
main.c:2610:6:myDelay	8	static
main.c:2614:6:playSound	32	static
main.c:2646:6:calc_lookup	40	static
main.c:2660:6:calc_sin_lookup	32	static
main.c:2666:6:calc_cos_lookup	32	static
main.c:2672:6:DMAUSARTTransferComplete	16	static
main.c:2676:6:HAL_ADC_ConvHalfCpltCallback	16	static
main.c:2680:6:HAL_ADC_ConvCpltCallback	16	static
main.c:2692:6:calc_v	16	static
main.c:2715:6:HAL_TIM_PeriodElapsedCallback	88	static
main.c:2776:6:HAL_TIM_IC_CaptureCallback	16	static
main.c:2783:6:HAL_GPIO_EXTI_Callback	32	static,ignoring_inline_asm
main.c:2821:6:HAL_TIM_OC_DelayElapsedCallback	24	static
main.c:2923:6:update_pwm	24	static
main.c:3109:6:timing_party	32	static
main.c:3612:6:Error_Handler	4	static
