main.c:180:5:main	616	static
main.c:640:6:SystemClock_Config	88	static
main.c:686:13:MX_ADC1_Init	56	static
main.c:808:13:MX_ADC2_Init	56	static
main.c:930:13:MX_ADC3_Init	56	static
main.c:1052:13:MX_CAN1_Init	8	static
main.c:1089:13:MX_I2C1_Init	8	static
main.c:1123:13:MX_I2C2_Init	8	static
main.c:1157:13:MX_SPI2_Init	8	static
main.c:1195:13:MX_TIM1_Init	96	static
main.c:1288:13:MX_TIM2_Init	64	static
main.c:1346:13:MX_TIM8_Init	56	static
main.c:1399:13:MX_TIM9_Init	56	static
main.c:1456:13:MX_TIM12_Init	56	static
main.c:1507:13:MX_TIM13_Init	24	static
main.c:1552:13:MX_USART3_UART_Init	8	static
main.c:1585:13:MX_USB_OTG_FS_PCD_Init	8	static
main.c:1618:13:MX_DMA_Init	16	static
main.c:1646:13:MX_GPIO_Init	56	static
main.c:1716:6:delayMs	24	static
main.c:1734:6:myDelay	8	static
main.c:1739:6:playSound	24	static
main.c:1757:6:HAL_GPIO_EXTI_Callback	16	static,ignoring_inline_asm
main.c:1771:6:HAL_TIM_IC_CaptureCallback	64	static
main.c:1954:6:calc_lookup	40	static
main.c:1961:6:DMAUSARTTransferComplete	16	static
main.c:1965:6:HAL_ADC_ConvHalfCpltCallback	16	static
main.c:1969:6:HAL_ADC_ConvCpltCallback	16	static
main.c:1983:6:Error_Handler	4	static
