main.c:161:5:main	760	static
main.c:621:6:SystemClock_Config	88	static
main.c:665:13:MX_ADC1_Init	24	static
main.c:715:13:MX_ADC2_Init	24	static
main.c:765:13:MX_CAN1_Init	8	static
main.c:802:13:MX_I2C1_Init	8	static
main.c:836:13:MX_I2C2_Init	8	static
main.c:870:13:MX_SPI2_Init	8	static
main.c:908:13:MX_TIM1_Init	96	static
main.c:991:13:MX_TIM2_Init	64	static
main.c:1049:13:MX_TIM8_Init	56	static
main.c:1102:13:MX_TIM9_Init	56	static
main.c:1159:13:MX_TIM12_Init	56	static
main.c:1210:13:MX_TIM13_Init	24	static
main.c:1255:13:MX_USART3_UART_Init	8	static
main.c:1286:13:MX_DMA_Init	16	static
main.c:1304:13:MX_GPIO_Init	56	static
main.c:1364:6:delayMs	24	static
main.c:1382:6:myDelay	8	static
main.c:1387:6:playSound	24	static
main.c:1405:6:HAL_GPIO_EXTI_Callback	16	static,ignoring_inline_asm
main.c:1418:6:HAL_TIM_IC_CaptureCallback	48	static
main.c:1554:6:calc_lookup	40	static
main.c:1561:6:DMAUSARTTransferComplete	16	static
main.c:1572:6:Error_Handler	4	static
