main.c:494:5:main	96	static
main.c:985:6:SystemClock_Config	104	static
main.c:1039:13:MX_ADC1_Init	72	static
main.c:1199:13:MX_ADC2_Init	56	static
main.c:1313:13:MX_ADC3_Init	56	static
main.c:1421:13:MX_CAN1_Init	8	static
main.c:1458:13:MX_I2C1_Init	8	static
main.c:1492:13:MX_I2C2_Init	8	static
main.c:1526:13:MX_RTC_Init	8	static
main.c:1560:13:MX_SPI2_Init	8	static
main.c:1598:13:MX_TIM1_Init	96	static
main.c:1691:13:MX_TIM2_Init	64	static
main.c:1749:13:MX_TIM5_Init	32	static
main.c:1794:13:MX_TIM8_Init	56	static
main.c:1847:13:MX_TIM9_Init	56	static
main.c:1904:13:MX_USART3_UART_Init	8	static
main.c:1937:13:MX_USB_OTG_FS_PCD_Init	8	static
main.c:1970:13:MX_DMA_Init	16	static
main.c:1998:13:MX_GPIO_Init	56	static
main.c:2077:6:set_pwm_off	4	static
main.c:2084:6:step_through_pole_angles	400	static
main.c:2162:6:step_through_pwm_percent	56	static
main.c:2176:6:explore_limits	24	static
main.c:2206:6:delay_SPI	16	static
main.c:2214:6:playSound	32	static
main.c:2237:6:calc_lookup	32	static
main.c:2251:6:calc_sin_lookup	32	static
main.c:2257:6:calc_cos_lookup	32	static
main.c:2263:6:DMAUSARTTransferComplete	16	static
main.c:2274:6:HAL_GPIO_EXTI_Callback	32	static,ignoring_inline_asm
main.c:2323:6:HAL_TIM_OC_DelayElapsedCallback	40	static
main.c:2460:6:update_pwm	36	static
main.c:2665:6:HAL_TIM_IC_CaptureCallback	32	static
main.c:2706:7:omega_division	16	static
main.c:2710:9:encoder_jump_comp	16	static
main.c:2734:6:fast_control_task	80	static
main.c:2855:6:slow_control_task	4	static
main.c:2860:6:keyboard_intake	8	static
main.c:3014:6:print_prep_task	64	static
main.c:3201:6:print_task	16	static
main.c:3224:6:timing_party	32	static
main.c:3519:6:Error_Handler	4	static
