main.c:552:5:main	128	static
main.c:992:6:SystemClock_Config	104	static
main.c:1046:13:MX_ADC1_Init	72	static
main.c:1206:13:MX_ADC2_Init	56	static
main.c:1320:13:MX_ADC3_Init	56	static
main.c:1428:13:MX_CAN1_Init	8	static
main.c:1465:13:MX_I2C1_Init	8	static
main.c:1499:13:MX_I2C2_Init	8	static
main.c:1533:13:MX_RTC_Init	8	static
main.c:1567:13:MX_SPI2_Init	8	static
main.c:1605:13:MX_TIM1_Init	96	static
main.c:1698:13:MX_TIM2_Init	64	static
main.c:1756:13:MX_TIM3_Init	64	static
main.c:1814:13:MX_TIM5_Init	32	static
main.c:1859:13:MX_TIM6_Init	16	static
main.c:1897:13:MX_TIM8_Init	56	static
main.c:1950:13:MX_TIM9_Init	56	static
main.c:2007:13:MX_TIM12_Init	56	static
main.c:2058:13:MX_TIM13_Init	24	static
main.c:2103:13:MX_USART3_UART_Init	8	static
main.c:2136:13:MX_USB_OTG_FS_PCD_Init	8	static
main.c:2169:13:MX_DMA_Init	16	static
main.c:2197:13:MX_GPIO_Init	56	static
main.c:2268:6:set_pwm_off	4	static
main.c:2274:6:step_through_pole_angles	352	static
main.c:2351:6:step_through_pwm_percent	16	static
main.c:2364:6:explore_limits	24	static
main.c:2394:6:delay_SPI	16	static
main.c:2402:6:playSound	32	static
main.c:2425:6:calc_lookup	32	static
main.c:2438:6:calc_sin_lookup	32	static
main.c:2444:6:calc_cos_lookup	32	static
main.c:2450:6:DMAUSARTTransferComplete	16	static
main.c:2461:6:HAL_GPIO_EXTI_Callback	32	static,ignoring_inline_asm
main.c:2510:6:HAL_TIM_OC_DelayElapsedCallback	40	static
main.c:2641:6:update_pwm	36	static
main.c:2841:6:HAL_TIM_IC_CaptureCallback	32	static
main.c:2885:6:calc_omega	24	static
main.c:2910:7:omega_division	16	static
main.c:2914:9:encoder_jump_comp	16	static
main.c:2938:6:fast_control_task	80	static
main.c:3058:6:slow_control_task	4	static
main.c:3063:6:keyboard_intake	8	static
main.c:3224:6:print_prep_task	64	static
main.c:3412:6:print_task	16	static
main.c:3435:6:timing_party	32	static
main.c:4045:6:Error_Handler	4	static
