main_old.c:110:5:main	296	static
main_old.c:560:6:SystemClock_Config	88	static
main_old.c:604:13:MX_ADC1_Init	24	static
main_old.c:654:13:MX_ADC2_Init	24	static
main_old.c:704:13:MX_CAN1_Init	8	static
main_old.c:741:13:MX_I2C1_Init	8	static
main_old.c:775:13:MX_I2C2_Init	8	static
main_old.c:809:13:MX_SPI2_Init	8	static
main_old.c:847:13:MX_TIM1_Init	96	static
main_old.c:930:13:MX_TIM8_Init	56	static
main_old.c:980:13:MX_TIM9_Init	56	static
main_old.c:1037:13:MX_TIM13_Init	24	static
main_old.c:1082:13:MX_USART3_UART_Init	8	static
main_old.c:1115:13:MX_GPIO_Init	56	static
main_old.c:1166:6:delayMs	24	static
main_old.c:1184:6:HAL_GPIO_EXTI_Callback	16	static,ignoring_inline_asm
main_old.c:1199:6:Error_Handler	4	static
