main.c:106:5:main	1144	static
main.c:538:6:SystemClock_Config	88	static
main.c:582:13:MX_ADC1_Init	24	static
main.c:632:13:MX_ADC2_Init	24	static
main.c:682:13:MX_CAN1_Init	8	static
main.c:719:13:MX_I2C1_Init	8	static
main.c:753:13:MX_I2C2_Init	8	static
main.c:787:13:MX_SPI2_Init	8	static
main.c:825:13:MX_TIM1_Init	96	static
main.c:908:13:MX_TIM8_Init	56	static
main.c:958:13:MX_TIM9_Init	56	static
main.c:1015:13:MX_TIM13_Init	24	static
main.c:1060:13:MX_USART3_UART_Init	8	static
main.c:1093:13:MX_GPIO_Init	56	static
main.c:1153:6:delayMs	24	static
main.c:1171:6:HAL_GPIO_EXTI_Callback	16	static,ignoring_inline_asm
main.c:1186:6:Error_Handler	4	static
