main.c:170:5:main	576	static
main.c:626:6:SystemClock_Config	88	static
main.c:670:13:MX_ADC1_Init	56	static
main.c:792:13:MX_ADC2_Init	56	static
main.c:914:13:MX_ADC3_Init	56	static
main.c:1036:13:MX_CAN1_Init	8	static
main.c:1073:13:MX_I2C1_Init	8	static
main.c:1107:13:MX_I2C2_Init	8	static
main.c:1141:13:MX_SPI2_Init	8	static
main.c:1179:13:MX_TIM1_Init	96	static
main.c:1272:13:MX_TIM2_Init	64	static
main.c:1330:13:MX_TIM8_Init	56	static
main.c:1383:13:MX_TIM9_Init	56	static
main.c:1440:13:MX_TIM12_Init	56	static
main.c:1491:13:MX_TIM13_Init	24	static
main.c:1536:13:MX_USART3_UART_Init	8	static
main.c:1567:13:MX_DMA_Init	16	static
main.c:1595:13:MX_GPIO_Init	56	static
main.c:1655:6:delayMs	24	static
main.c:1673:6:myDelay	8	static
main.c:1678:6:playSound	24	static
main.c:1696:6:HAL_GPIO_EXTI_Callback	16	static,ignoring_inline_asm
main.c:1709:6:HAL_TIM_IC_CaptureCallback	48	static
main.c:1845:6:calc_lookup	40	static
main.c:1852:6:DMAUSARTTransferComplete	16	static
main.c:1856:6:HAL_ADC_ConvHalfCpltCallback	16	static
main.c:1860:6:HAL_ADC_ConvCpltCallback	16	static
main.c:1874:6:Error_Handler	4	static
