main.c:131:5:main	256	static
main.c:493:6:SystemClock_Config	88	static
main.c:537:13:MX_ADC1_Init	24	static
main.c:587:13:MX_ADC2_Init	24	static
main.c:637:13:MX_CAN1_Init	8	static
main.c:674:13:MX_I2C1_Init	8	static
main.c:708:13:MX_I2C2_Init	8	static
main.c:742:13:MX_SPI2_Init	8	static
main.c:780:13:MX_TIM1_Init	96	static
main.c:863:13:MX_TIM8_Init	56	static
main.c:916:13:MX_TIM9_Init	56	static
main.c:973:13:MX_TIM13_Init	24	static
main.c:1018:13:MX_USART3_UART_Init	8	static
main.c:1051:13:MX_GPIO_Init	56	static
main.c:1111:6:delayMs	24	static
main.c:1130:6:HAL_GPIO_EXTI_Callback	16	static,ignoring_inline_asm
main.c:1143:6:HAL_TIM_IC_CaptureCallback	40	static
main.c:1234:6:calc_lookup	40	static
main.c:1247:6:Error_Handler	4	static
