main.c:502:5:main	96	static
main.c:999:6:SystemClock_Config	104	static
main.c:1053:13:MX_ADC1_Init	72	static
main.c:1213:13:MX_ADC2_Init	56	static
main.c:1327:13:MX_ADC3_Init	56	static
main.c:1435:13:MX_CAN1_Init	8	static
main.c:1472:13:MX_I2C1_Init	8	static
main.c:1506:13:MX_I2C2_Init	8	static
main.c:1540:13:MX_RTC_Init	8	static
main.c:1574:13:MX_SPI2_Init	8	static
main.c:1612:13:MX_TIM1_Init	96	static
main.c:1705:13:MX_TIM2_Init	64	static
main.c:1763:13:MX_TIM3_Init	64	static
main.c:1821:13:MX_TIM5_Init	32	static
main.c:1866:13:MX_TIM6_Init	16	static
main.c:1904:13:MX_TIM8_Init	56	static
main.c:1957:13:MX_TIM9_Init	56	static
main.c:2014:13:MX_TIM12_Init	56	static
main.c:2065:13:MX_TIM13_Init	24	static
main.c:2110:13:MX_USART3_UART_Init	8	static
main.c:2143:13:MX_USB_OTG_FS_PCD_Init	8	static
main.c:2176:13:MX_DMA_Init	16	static
main.c:2204:13:MX_GPIO_Init	56	static
main.c:2275:6:set_pwm_off	4	static
main.c:2282:6:step_through_pole_angles	400	static
main.c:2360:6:step_through_pwm_percent	56	static
main.c:2374:6:explore_limits	24	static
main.c:2404:6:delay_SPI	16	static
main.c:2412:6:playSound	32	static
main.c:2435:6:calc_lookup	32	static
main.c:2449:6:calc_sin_lookup	32	static
main.c:2455:6:calc_cos_lookup	32	static
main.c:2461:6:DMAUSARTTransferComplete	16	static
main.c:2472:6:HAL_GPIO_EXTI_Callback	32	static,ignoring_inline_asm
main.c:2521:6:HAL_TIM_OC_DelayElapsedCallback	40	static
main.c:2658:6:update_pwm	36	static
main.c:2863:6:HAL_TIM_IC_CaptureCallback	32	static
main.c:2904:7:omega_division	16	static
main.c:2908:9:encoder_jump_comp	16	static
main.c:2932:6:fast_control_task	80	static
main.c:3053:6:slow_control_task	4	static
main.c:3058:6:keyboard_intake	8	static
main.c:3212:6:print_prep_task	64	static
main.c:3399:6:print_task	16	static
main.c:3422:6:timing_party	32	static
main.c:3717:6:Error_Handler	4	static
