main.c:349:5:main	800	static
main.c:1097:6:CAN1_RX0_IRQHandler	24	static
main.c:1185:6:SystemClock_Config	104	static
main.c:1239:13:MX_ADC1_Init	56	static
main.c:1361:13:MX_ADC2_Init	56	static
main.c:1483:13:MX_ADC3_Init	56	static
main.c:1605:13:MX_CAN1_Init	8	static
main.c:1642:13:MX_I2C1_Init	8	static
main.c:1676:13:MX_I2C2_Init	8	static
main.c:1710:13:MX_RTC_Init	8	static
main.c:1744:13:MX_SPI2_Init	8	static
main.c:1782:13:MX_TIM1_Init	96	static
main.c:1875:13:MX_TIM2_Init	64	static
main.c:1933:13:MX_TIM3_Init	64	static
main.c:1991:13:MX_TIM5_Init	32	static
main.c:2036:13:MX_TIM6_Init	16	static
main.c:2074:13:MX_TIM8_Init	56	static
main.c:2127:13:MX_TIM9_Init	56	static
main.c:2184:13:MX_TIM12_Init	56	static
main.c:2235:13:MX_TIM13_Init	24	static
main.c:2280:13:MX_USART3_UART_Init	8	static
main.c:2313:13:MX_USB_OTG_FS_PCD_Init	8	static
main.c:2346:13:MX_DMA_Init	16	static
main.c:2374:13:MX_GPIO_Init	56	static
main.c:2445:6:set_pwm_off	4	static
main.c:2451:6:step_through_pole_angles	352	static
main.c:2529:6:step_through_pwm_percent	16	static
main.c:2542:6:explore_limits	32	static
main.c:2573:6:delayMs	24	static
main.c:2581:6:delay_SPI	16	static
main.c:2598:6:myDelay	8	static
main.c:2603:6:playSound	24	static
main.c:2635:6:calc_lookup	40	static
main.c:2642:6:DMAUSARTTransferComplete	16	static
main.c:2646:6:HAL_ADC_ConvHalfCpltCallback	16	static
main.c:2650:6:HAL_ADC_ConvCpltCallback	16	static
main.c:2662:6:HAL_TIM_PeriodElapsedCallback	96	static
main.c:2730:6:HAL_GPIO_EXTI_Callback	32	static,ignoring_inline_asm
main.c:2789:6:HAL_TIM_IC_CaptureCallback	40	static
main.c:2903:6:update_pwm	40	static
main.c:3113:6:Error_Handler	4	static
