main.c:105:5:main	128	static
main.c:435:6:SystemClock_Config	88	static
main.c:480:13:MX_ADC1_Init	24	static
main.c:530:13:MX_ADC2_Init	24	static
main.c:580:13:MX_CAN1_Init	8	static
main.c:617:13:MX_I2C1_Init	8	static
main.c:651:13:MX_I2C2_Init	8	static
main.c:685:13:MX_SPI2_Init	8	static
main.c:723:13:MX_TIM1_Init	96	static
main.c:806:13:MX_TIM8_Init	56	static
main.c:856:13:MX_TIM9_Init	56	static
main.c:913:13:MX_TIM13_Init	24	static
main.c:958:13:MX_USART3_UART_Init	8	static
main.c:991:13:MX_USB_OTG_FS_PCD_Init	8	static
main.c:1026:13:MX_GPIO_Init	56	static
main.c:1077:6:delayMs	24	static
main.c:1095:6:HAL_GPIO_EXTI_Callback	16	static,ignoring_inline_asm
main.c:1110:6:Error_Handler	4	static
