main.c:239:5:main	656	static
main.c:798:6:SystemClock_Config	104	static
main.c:852:13:MX_ADC1_Init	56	static
main.c:974:13:MX_ADC2_Init	56	static
main.c:1096:13:MX_ADC3_Init	56	static
main.c:1218:13:MX_CAN1_Init	8	static
main.c:1255:13:MX_I2C1_Init	8	static
main.c:1289:13:MX_I2C2_Init	8	static
main.c:1323:13:MX_RTC_Init	8	static
main.c:1357:13:MX_SPI2_Init	8	static
main.c:1395:13:MX_TIM1_Init	96	static
main.c:1488:13:MX_TIM2_Init	64	static
main.c:1546:13:MX_TIM3_Init	64	static
main.c:1604:13:MX_TIM5_Init	32	static
main.c:1649:13:MX_TIM6_Init	16	static
main.c:1687:13:MX_TIM8_Init	56	static
main.c:1740:13:MX_TIM9_Init	56	static
main.c:1797:13:MX_TIM12_Init	56	static
main.c:1848:13:MX_TIM13_Init	24	static
main.c:1893:13:MX_USART3_UART_Init	8	static
main.c:1926:13:MX_USB_OTG_FS_PCD_Init	8	static
main.c:1959:13:MX_DMA_Init	16	static
main.c:1987:13:MX_GPIO_Init	56	static
main.c:2058:6:set_pwm_off	4	static
main.c:2064:6:step_through_pole_angles	32	static
main.c:2111:6:step_through_pwm_percent	16	static
main.c:2127:6:delayMs	24	static
main.c:2135:6:delay_SPI	16	static
main.c:2152:6:myDelay	8	static
main.c:2157:6:playSound	24	static
main.c:2181:6:calc_lookup	40	static
main.c:2188:6:DMAUSARTTransferComplete	16	static
main.c:2192:6:HAL_ADC_ConvHalfCpltCallback	16	static
main.c:2196:6:HAL_ADC_ConvCpltCallback	16	static
main.c:2208:6:HAL_TIM_PeriodElapsedCallback	16	static
main.c:2219:6:HAL_GPIO_EXTI_Callback	32	static,ignoring_inline_asm
main.c:2278:6:HAL_TIM_IC_CaptureCallback	40	static
main.c:2392:6:update_pwm	40	static
main.c:2483:6:Error_Handler	4	static
