main.c:324:5:main	736	static
main.c:1005:6:CAN1_RX0_IRQHandler	24	static
main.c:1092:6:SystemClock_Config	104	static
main.c:1146:13:MX_ADC1_Init	56	static
main.c:1268:13:MX_ADC2_Init	56	static
main.c:1390:13:MX_ADC3_Init	56	static
main.c:1512:13:MX_CAN1_Init	8	static
main.c:1549:13:MX_I2C1_Init	8	static
main.c:1583:13:MX_I2C2_Init	8	static
main.c:1617:13:MX_RTC_Init	8	static
main.c:1651:13:MX_SPI2_Init	8	static
main.c:1689:13:MX_TIM1_Init	96	static
main.c:1782:13:MX_TIM2_Init	64	static
main.c:1840:13:MX_TIM3_Init	64	static
main.c:1898:13:MX_TIM5_Init	32	static
main.c:1943:13:MX_TIM6_Init	16	static
main.c:1981:13:MX_TIM8_Init	56	static
main.c:2034:13:MX_TIM9_Init	56	static
main.c:2091:13:MX_TIM12_Init	56	static
main.c:2142:13:MX_TIM13_Init	24	static
main.c:2187:13:MX_USART3_UART_Init	8	static
main.c:2220:13:MX_USB_OTG_FS_PCD_Init	8	static
main.c:2253:13:MX_DMA_Init	16	static
main.c:2281:13:MX_GPIO_Init	56	static
main.c:2352:6:set_pwm_off	4	static
main.c:2358:6:step_through_pole_angles	352	static
main.c:2425:6:step_through_pwm_percent	16	static
main.c:2441:6:delayMs	24	static
main.c:2449:6:delay_SPI	16	static
main.c:2466:6:myDelay	8	static
main.c:2471:6:playSound	24	static
main.c:2495:6:calc_lookup	40	static
main.c:2502:6:DMAUSARTTransferComplete	16	static
main.c:2506:6:HAL_ADC_ConvHalfCpltCallback	16	static
main.c:2510:6:HAL_ADC_ConvCpltCallback	16	static
main.c:2522:6:HAL_TIM_PeriodElapsedCallback	72	static
main.c:2585:6:HAL_GPIO_EXTI_Callback	32	static,ignoring_inline_asm
main.c:2644:6:HAL_TIM_IC_CaptureCallback	40	static
main.c:2758:6:update_pwm	40	static
main.c:2958:6:Error_Handler	4	static
