main.c:107:5:main	176	static
main.c:466:6:SystemClock_Config	88	static
main.c:511:13:MX_ADC1_Init	24	static
main.c:561:13:MX_ADC2_Init	24	static
main.c:611:13:MX_CAN1_Init	8	static
main.c:648:13:MX_I2C1_Init	8	static
main.c:682:13:MX_I2C2_Init	8	static
main.c:716:13:MX_SPI2_Init	8	static
main.c:754:13:MX_TIM1_Init	96	static
main.c:837:13:MX_TIM8_Init	56	static
main.c:887:13:MX_TIM9_Init	56	static
main.c:944:13:MX_TIM13_Init	24	static
main.c:989:13:MX_USART3_UART_Init	8	static
main.c:1022:13:MX_USB_OTG_FS_PCD_Init	8	static
main.c:1057:13:MX_GPIO_Init	56	static
main.c:1108:6:delayMs	24	static
main.c:1126:6:HAL_GPIO_EXTI_Callback	16	static,ignoring_inline_asm
main.c:1141:6:Error_Handler	4	static
