main.c:419:5:main	104	static
main.c:818:6:SystemClock_Config	104	static
main.c:872:13:MX_ADC1_Init	72	static
main.c:995:13:MX_ADC2_Init	56	static
main.c:1105:13:MX_ADC3_Init	56	static
main.c:1215:13:MX_CAN1_Init	8	static
main.c:1252:13:MX_I2C1_Init	8	static
main.c:1286:13:MX_I2C2_Init	8	static
main.c:1320:13:MX_RTC_Init	8	static
main.c:1354:13:MX_SPI2_Init	8	static
main.c:1392:13:MX_TIM1_Init	96	static
main.c:1485:13:MX_TIM2_Init	64	static
main.c:1543:13:MX_TIM3_Init	64	static
main.c:1601:13:MX_TIM5_Init	32	static
main.c:1646:13:MX_TIM6_Init	16	static
main.c:1684:13:MX_TIM8_Init	56	static
main.c:1737:13:MX_TIM9_Init	56	static
main.c:1794:13:MX_TIM12_Init	56	static
main.c:1845:13:MX_TIM13_Init	24	static
main.c:1890:13:MX_USART3_UART_Init	8	static
main.c:1923:13:MX_USB_OTG_FS_PCD_Init	8	static
main.c:1956:13:MX_DMA_Init	16	static
main.c:1984:13:MX_GPIO_Init	56	static
main.c:2055:6:set_pwm_off	4	static
main.c:2061:6:step_through_pole_angles	352	static
main.c:2138:6:step_through_pwm_percent	16	static
main.c:2151:6:explore_limits	24	static
main.c:2181:6:delay_SPI	16	static
main.c:2189:6:playSound	32	static
main.c:2212:6:calc_lookup	40	static
main.c:2225:6:calc_sin_lookup	32	static
main.c:2231:6:calc_cos_lookup	32	static
main.c:2237:6:DMAUSARTTransferComplete	16	static
main.c:2246:6:calc_v	16	static
main.c:2268:6:HAL_GPIO_EXTI_Callback	32	static,ignoring_inline_asm
main.c:2306:6:HAL_TIM_OC_DelayElapsedCallback	24	static
main.c:2408:6:update_pwm	20	static
main.c:2591:6:fast_control_task	80	static
main.c:2651:6:slow_control_task	4	static
main.c:2655:6:keyboard_intake	8	static
main.c:2812:6:print_prep_task	88	static
main.c:2946:6:print_task	16	static
main.c:2969:6:timing_party	32	static
main.c:3580:6:Error_Handler	4	static
