main.c:498:5:main	96	static
main.c:991:6:SystemClock_Config	104	static
main.c:1045:13:MX_ADC1_Init	72	static
main.c:1205:13:MX_ADC2_Init	56	static
main.c:1319:13:MX_ADC3_Init	56	static
main.c:1427:13:MX_CAN1_Init	8	static
main.c:1464:13:MX_I2C1_Init	8	static
main.c:1498:13:MX_I2C2_Init	8	static
main.c:1532:13:MX_RTC_Init	8	static
main.c:1566:13:MX_SPI2_Init	8	static
main.c:1604:13:MX_TIM1_Init	96	static
main.c:1697:13:MX_TIM2_Init	64	static
main.c:1755:13:MX_TIM3_Init	64	static
main.c:1813:13:MX_TIM5_Init	32	static
main.c:1858:13:MX_TIM6_Init	16	static
main.c:1896:13:MX_TIM8_Init	56	static
main.c:1949:13:MX_TIM9_Init	56	static
main.c:2006:13:MX_USART3_UART_Init	8	static
main.c:2039:13:MX_USB_OTG_FS_PCD_Init	8	static
main.c:2072:13:MX_DMA_Init	16	static
main.c:2100:13:MX_GPIO_Init	56	static
main.c:2179:6:set_pwm_off	4	static
main.c:2186:6:step_through_pole_angles	400	static
main.c:2264:6:step_through_pwm_percent	56	static
main.c:2278:6:explore_limits	24	static
main.c:2308:6:delay_SPI	16	static
main.c:2316:6:playSound	32	static
main.c:2339:6:calc_lookup	32	static
main.c:2353:6:calc_sin_lookup	32	static
main.c:2359:6:calc_cos_lookup	32	static
main.c:2365:6:DMAUSARTTransferComplete	16	static
main.c:2376:6:HAL_GPIO_EXTI_Callback	32	static,ignoring_inline_asm
main.c:2425:6:HAL_TIM_OC_DelayElapsedCallback	40	static
main.c:2562:6:update_pwm	36	static
main.c:2767:6:HAL_TIM_IC_CaptureCallback	32	static
main.c:2808:7:omega_division	16	static
main.c:2812:9:encoder_jump_comp	16	static
main.c:2836:6:fast_control_task	80	static
main.c:2957:6:slow_control_task	4	static
main.c:2962:6:keyboard_intake	8	static
main.c:3116:6:print_prep_task	64	static
main.c:3303:6:print_task	16	static
main.c:3326:6:timing_party	32	static
main.c:3621:6:Error_Handler	4	static
