main.c:226:5:main	632	static
main.c:769:6:SystemClock_Config	104	static
main.c:823:13:MX_ADC1_Init	56	static
main.c:945:13:MX_ADC2_Init	56	static
main.c:1067:13:MX_ADC3_Init	56	static
main.c:1189:13:MX_CAN1_Init	8	static
main.c:1226:13:MX_I2C1_Init	8	static
main.c:1260:13:MX_I2C2_Init	8	static
main.c:1294:13:MX_RTC_Init	8	static
main.c:1328:13:MX_SPI2_Init	8	static
main.c:1366:13:MX_TIM1_Init	96	static
main.c:1459:13:MX_TIM2_Init	64	static
main.c:1517:13:MX_TIM3_Init	64	static
main.c:1576:13:MX_TIM6_Init	16	static
main.c:1614:13:MX_TIM8_Init	56	static
main.c:1667:13:MX_TIM9_Init	56	static
main.c:1724:13:MX_TIM12_Init	56	static
main.c:1775:13:MX_TIM13_Init	24	static
main.c:1820:13:MX_USART3_UART_Init	8	static
main.c:1853:13:MX_USB_OTG_FS_PCD_Init	8	static
main.c:1886:13:MX_DMA_Init	16	static
main.c:1914:13:MX_GPIO_Init	56	static
main.c:1985:6:set_pwm_off	4	static
main.c:1991:6:step_through_pole_angles	16	static
main.c:2018:6:delayMs	24	static
main.c:2026:6:delay_SPI	16	static
main.c:2043:6:myDelay	8	static
main.c:2048:6:playSound	24	static
main.c:2065:6:calc_lookup	40	static
main.c:2072:6:DMAUSARTTransferComplete	16	static
main.c:2076:6:HAL_ADC_ConvHalfCpltCallback	16	static
main.c:2080:6:HAL_ADC_ConvCpltCallback	16	static
main.c:2089:6:HAL_TIM_PeriodElapsedCallback	16	static
main.c:2096:6:HAL_GPIO_EXTI_Callback	32	static,ignoring_inline_asm
main.c:2155:6:HAL_TIM_IC_CaptureCallback	64	static
main.c:2362:6:Error_Handler	4	static
