main.c:298:5:main	736	static
main.c:988:6:SystemClock_Config	104	static
main.c:1042:13:MX_ADC1_Init	56	static
main.c:1164:13:MX_ADC2_Init	56	static
main.c:1286:13:MX_ADC3_Init	56	static
main.c:1408:13:MX_CAN1_Init	8	static
main.c:1445:13:MX_I2C1_Init	8	static
main.c:1479:13:MX_I2C2_Init	8	static
main.c:1513:13:MX_RTC_Init	8	static
main.c:1547:13:MX_SPI2_Init	8	static
main.c:1585:13:MX_TIM1_Init	96	static
main.c:1678:13:MX_TIM2_Init	64	static
main.c:1736:13:MX_TIM3_Init	64	static
main.c:1794:13:MX_TIM5_Init	32	static
main.c:1839:13:MX_TIM6_Init	16	static
main.c:1877:13:MX_TIM8_Init	56	static
main.c:1930:13:MX_TIM9_Init	56	static
main.c:1987:13:MX_TIM12_Init	56	static
main.c:2038:13:MX_TIM13_Init	24	static
main.c:2083:13:MX_USART3_UART_Init	8	static
main.c:2116:13:MX_USB_OTG_FS_PCD_Init	8	static
main.c:2149:13:MX_DMA_Init	16	static
main.c:2177:13:MX_GPIO_Init	56	static
main.c:2248:6:set_pwm_off	4	static
main.c:2254:6:step_through_pole_angles	352	static
main.c:2321:6:step_through_pwm_percent	16	static
main.c:2337:6:delayMs	24	static
main.c:2345:6:delay_SPI	16	static
main.c:2362:6:myDelay	8	static
main.c:2367:6:playSound	24	static
main.c:2391:6:calc_lookup	40	static
main.c:2398:6:DMAUSARTTransferComplete	16	static
main.c:2402:6:HAL_ADC_ConvHalfCpltCallback	16	static
main.c:2406:6:HAL_ADC_ConvCpltCallback	16	static
main.c:2418:6:HAL_TIM_PeriodElapsedCallback	72	static
main.c:2481:6:HAL_GPIO_EXTI_Callback	32	static,ignoring_inline_asm
main.c:2540:6:HAL_TIM_IC_CaptureCallback	40	static
main.c:2654:6:update_pwm	40	static
main.c:2848:6:Error_Handler	4	static
