main.c:170:5:main	584	static
main.c:628:6:SystemClock_Config	88	static
main.c:674:13:MX_ADC1_Init	56	static
main.c:796:13:MX_ADC2_Init	56	static
main.c:918:13:MX_ADC3_Init	56	static
main.c:1040:13:MX_CAN1_Init	8	static
main.c:1077:13:MX_I2C1_Init	8	static
main.c:1111:13:MX_I2C2_Init	8	static
main.c:1145:13:MX_SPI2_Init	8	static
main.c:1183:13:MX_TIM1_Init	96	static
main.c:1276:13:MX_TIM2_Init	64	static
main.c:1334:13:MX_TIM8_Init	56	static
main.c:1387:13:MX_TIM9_Init	56	static
main.c:1444:13:MX_TIM12_Init	56	static
main.c:1495:13:MX_TIM13_Init	24	static
main.c:1540:13:MX_USART3_UART_Init	8	static
main.c:1571:13:MX_DMA_Init	16	static
main.c:1599:13:MX_GPIO_Init	56	static
main.c:1677:6:delayMs	24	static
main.c:1695:6:myDelay	8	static
main.c:1700:6:playSound	24	static
main.c:1718:6:HAL_GPIO_EXTI_Callback	16	static,ignoring_inline_asm
main.c:1731:6:HAL_TIM_IC_CaptureCallback	48	static
main.c:1867:6:calc_lookup	40	static
main.c:1874:6:DMAUSARTTransferComplete	16	static
main.c:1878:6:HAL_ADC_ConvHalfCpltCallback	16	static
main.c:1882:6:HAL_ADC_ConvCpltCallback	16	static
main.c:1896:6:Error_Handler	4	static
