main.c:101:5:main	96	static
main.c:328:6:SystemClock_Config	88	static
main.c:373:13:MX_ADC1_Init	24	static
main.c:423:13:MX_ADC2_Init	24	static
main.c:473:13:MX_CAN1_Init	8	static
main.c:510:13:MX_I2C1_Init	8	static
main.c:544:13:MX_I2C2_Init	8	static
main.c:578:13:MX_SPI2_Init	8	static
main.c:616:13:MX_TIM1_Init	96	static
main.c:699:13:MX_TIM8_Init	72	static
main.c:762:13:MX_TIM9_Init	56	static
main.c:819:13:MX_TIM13_Init	24	static
main.c:864:13:MX_USART3_UART_Init	8	static
main.c:897:13:MX_USB_OTG_FS_PCD_Init	8	static
main.c:932:13:MX_GPIO_Init	56	static
main.c:973:6:delayMs	24	static
main.c:996:6:Error_Handler	4	static
