main.c:339:5:main	800	static
main.c:1094:6:SystemClock_Config	104	static
main.c:1148:13:MX_ADC1_Init	72	static
main.c:1247:13:MX_ADC2_Init	56	static
main.c:1365:13:MX_ADC3_Init	56	static
main.c:1483:13:MX_CAN1_Init	8	static
main.c:1520:13:MX_I2C1_Init	8	static
main.c:1554:13:MX_I2C2_Init	8	static
main.c:1588:13:MX_RTC_Init	8	static
main.c:1622:13:MX_SPI2_Init	8	static
main.c:1660:13:MX_TIM1_Init	96	static
main.c:1753:13:MX_TIM2_Init	64	static
main.c:1811:13:MX_TIM3_Init	64	static
main.c:1869:13:MX_TIM5_Init	32	static
main.c:1914:13:MX_TIM6_Init	16	static
main.c:1952:13:MX_TIM8_Init	56	static
main.c:2005:13:MX_TIM9_Init	56	static
main.c:2062:13:MX_TIM12_Init	56	static
main.c:2113:13:MX_TIM13_Init	24	static
main.c:2158:13:MX_USART3_UART_Init	8	static
main.c:2191:13:MX_USB_OTG_FS_PCD_Init	8	static
main.c:2224:13:MX_DMA_Init	16	static
main.c:2252:13:MX_GPIO_Init	56	static
main.c:2323:6:set_pwm_off	4	static
main.c:2329:6:step_through_pole_angles	352	static
main.c:2407:6:step_through_pwm_percent	16	static
main.c:2420:6:explore_limits	32	static
main.c:2451:6:delayMs	24	static
main.c:2459:6:delay_SPI	16	static
main.c:2476:6:myDelay	8	static
main.c:2480:6:playSound	24	static
main.c:2512:6:calc_lookup	48	static
main.c:2525:6:DMAUSARTTransferComplete	16	static
main.c:2529:6:HAL_ADC_ConvHalfCpltCallback	16	static
main.c:2533:6:HAL_ADC_ConvCpltCallback	16	static
main.c:2545:6:HAL_TIM_PeriodElapsedCallback	96	static
main.c:2613:6:HAL_GPIO_EXTI_Callback	32	static,ignoring_inline_asm
main.c:2672:6:HAL_TIM_IC_CaptureCallback	40	static
main.c:2786:6:update_pwm	40	static
main.c:2996:6:Error_Handler	4	static
