main.c:243:5:main	552	static
main.c:818:6:SystemClock_Config	104	static
main.c:872:13:MX_ADC1_Init	56	static
main.c:994:13:MX_ADC2_Init	56	static
main.c:1116:13:MX_ADC3_Init	56	static
main.c:1238:13:MX_CAN1_Init	8	static
main.c:1275:13:MX_I2C1_Init	8	static
main.c:1309:13:MX_I2C2_Init	8	static
main.c:1343:13:MX_RTC_Init	8	static
main.c:1377:13:MX_SPI2_Init	8	static
main.c:1415:13:MX_TIM1_Init	96	static
main.c:1508:13:MX_TIM2_Init	64	static
main.c:1566:13:MX_TIM3_Init	64	static
main.c:1624:13:MX_TIM5_Init	32	static
main.c:1669:13:MX_TIM6_Init	16	static
main.c:1707:13:MX_TIM8_Init	56	static
main.c:1760:13:MX_TIM9_Init	56	static
main.c:1817:13:MX_TIM12_Init	56	static
main.c:1868:13:MX_TIM13_Init	24	static
main.c:1913:13:MX_USART3_UART_Init	8	static
main.c:1946:13:MX_USB_OTG_FS_PCD_Init	8	static
main.c:1979:13:MX_DMA_Init	16	static
main.c:2007:13:MX_GPIO_Init	56	static
main.c:2078:6:set_pwm_off	4	static
main.c:2084:6:step_through_pole_angles	352	static
main.c:2151:6:step_through_pwm_percent	16	static
main.c:2167:6:delayMs	24	static
main.c:2175:6:delay_SPI	16	static
main.c:2192:6:myDelay	8	static
main.c:2197:6:playSound	24	static
main.c:2221:6:calc_lookup	40	static
main.c:2228:6:DMAUSARTTransferComplete	16	static
main.c:2232:6:HAL_ADC_ConvHalfCpltCallback	16	static
main.c:2236:6:HAL_ADC_ConvCpltCallback	16	static
main.c:2248:6:HAL_TIM_PeriodElapsedCallback	48	static
main.c:2304:6:HAL_GPIO_EXTI_Callback	32	static,ignoring_inline_asm
main.c:2363:6:HAL_TIM_IC_CaptureCallback	40	static
main.c:2477:6:update_pwm	40	static
main.c:2569:6:Error_Handler	4	static
