main.c:87:5:main	8	static
main.c:161:6:SystemClock_Config	88	static
main.c:206:13:MX_ADC1_Init	24	static
main.c:256:13:MX_ADC2_Init	24	static
main.c:306:13:MX_CAN1_Init	8	static
main.c:343:13:MX_I2C1_Init	8	static
main.c:377:13:MX_I2C2_Init	8	static
main.c:411:13:MX_SPI2_Init	8	static
main.c:449:13:MX_TIM9_Init	56	static
main.c:511:13:MX_USB_OTG_FS_PCD_Init	8	static
main.c:546:13:MX_GPIO_Init	56	static
main.c:610:6:HAL_GPIO_EXTI_Callback	16	static,ignoring_inline_asm
main.c:624:6:Error_Handler	4	static
