main.c:320:5:main	736	static
main.c:996:6:CAN1_RX0_IRQHandler	8	static
main.c:1068:6:SystemClock_Config	104	static
main.c:1122:13:MX_ADC1_Init	56	static
main.c:1244:13:MX_ADC2_Init	56	static
main.c:1366:13:MX_ADC3_Init	56	static
main.c:1488:13:MX_CAN1_Init	8	static
main.c:1525:13:MX_I2C1_Init	8	static
main.c:1559:13:MX_I2C2_Init	8	static
main.c:1593:13:MX_RTC_Init	8	static
main.c:1627:13:MX_SPI2_Init	8	static
main.c:1665:13:MX_TIM1_Init	96	static
main.c:1758:13:MX_TIM2_Init	64	static
main.c:1816:13:MX_TIM3_Init	64	static
main.c:1874:13:MX_TIM5_Init	32	static
main.c:1919:13:MX_TIM6_Init	16	static
main.c:1957:13:MX_TIM8_Init	56	static
main.c:2010:13:MX_TIM9_Init	56	static
main.c:2067:13:MX_TIM12_Init	56	static
main.c:2118:13:MX_TIM13_Init	24	static
main.c:2163:13:MX_USART3_UART_Init	8	static
main.c:2196:13:MX_USB_OTG_FS_PCD_Init	8	static
main.c:2229:13:MX_DMA_Init	16	static
main.c:2257:13:MX_GPIO_Init	56	static
main.c:2328:6:set_pwm_off	4	static
main.c:2334:6:step_through_pole_angles	352	static
main.c:2401:6:step_through_pwm_percent	16	static
main.c:2417:6:delayMs	24	static
main.c:2425:6:delay_SPI	16	static
main.c:2442:6:myDelay	8	static
main.c:2447:6:playSound	24	static
main.c:2471:6:calc_lookup	40	static
main.c:2478:6:DMAUSARTTransferComplete	16	static
main.c:2482:6:HAL_ADC_ConvHalfCpltCallback	16	static
main.c:2486:6:HAL_ADC_ConvCpltCallback	16	static
main.c:2498:6:HAL_TIM_PeriodElapsedCallback	72	static
main.c:2561:6:HAL_GPIO_EXTI_Callback	32	static,ignoring_inline_asm
main.c:2620:6:HAL_TIM_IC_CaptureCallback	40	static
main.c:2734:6:update_pwm	40	static
main.c:2934:6:Error_Handler	4	static
