main.c:158:5:main	184	static
main.c:603:6:SystemClock_Config	88	static
main.c:647:13:MX_ADC1_Init	24	static
main.c:697:13:MX_ADC2_Init	24	static
main.c:747:13:MX_CAN1_Init	8	static
main.c:784:13:MX_I2C1_Init	8	static
main.c:818:13:MX_I2C2_Init	8	static
main.c:852:13:MX_SPI2_Init	8	static
main.c:890:13:MX_TIM1_Init	96	static
main.c:973:13:MX_TIM2_Init	64	static
main.c:1031:13:MX_TIM8_Init	56	static
main.c:1084:13:MX_TIM9_Init	56	static
main.c:1141:13:MX_TIM12_Init	56	static
main.c:1192:13:MX_TIM13_Init	24	static
main.c:1237:13:MX_USART3_UART_Init	8	static
main.c:1270:13:MX_GPIO_Init	56	static
main.c:1330:6:delayMs	24	static
main.c:1348:6:myDelay	8	static
main.c:1353:6:playSound	24	static
main.c:1371:6:HAL_GPIO_EXTI_Callback	16	static,ignoring_inline_asm
main.c:1384:6:HAL_TIM_IC_CaptureCallback	48	static
main.c:1520:6:calc_lookup	40	static
main.c:1534:6:Error_Handler	4	static
