main.c:170:5:main	584	static
main.c:628:6:SystemClock_Config	88	static
main.c:671:13:MX_ADC1_Init	56	static
main.c:793:13:MX_ADC2_Init	56	static
main.c:915:13:MX_ADC3_Init	56	static
main.c:1037:13:MX_CAN1_Init	8	static
main.c:1074:13:MX_I2C1_Init	8	static
main.c:1108:13:MX_I2C2_Init	8	static
main.c:1142:13:MX_SPI2_Init	8	static
main.c:1180:13:MX_TIM1_Init	96	static
main.c:1273:13:MX_TIM2_Init	64	static
main.c:1331:13:MX_TIM8_Init	56	static
main.c:1384:13:MX_TIM9_Init	56	static
main.c:1441:13:MX_TIM12_Init	56	static
main.c:1492:13:MX_TIM13_Init	24	static
main.c:1537:13:MX_USART3_UART_Init	8	static
main.c:1568:13:MX_DMA_Init	16	static
main.c:1596:13:MX_GPIO_Init	56	static
main.c:1656:6:delayMs	24	static
main.c:1674:6:myDelay	8	static
main.c:1679:6:playSound	24	static
main.c:1697:6:HAL_GPIO_EXTI_Callback	16	static,ignoring_inline_asm
main.c:1710:6:HAL_TIM_IC_CaptureCallback	48	static
main.c:1846:6:calc_lookup	40	static
main.c:1853:6:DMAUSARTTransferComplete	16	static
main.c:1857:6:HAL_ADC_ConvHalfCpltCallback	16	static
main.c:1861:6:HAL_ADC_ConvCpltCallback	16	static
main.c:1875:6:Error_Handler	4	static
