main.c:517:5:main	72	static
main.c:1024:6:SystemClock_Config	104	static
main.c:1078:13:MX_ADC1_Init	72	static
main.c:1238:13:MX_ADC2_Init	56	static
main.c:1352:13:MX_ADC3_Init	56	static
main.c:1460:13:MX_CAN1_Init	8	static
main.c:1497:13:MX_I2C1_Init	8	static
main.c:1531:13:MX_I2C2_Init	8	static
main.c:1565:13:MX_RTC_Init	8	static
main.c:1599:13:MX_SPI2_Init	8	static
main.c:1637:13:MX_TIM1_Init	96	static
main.c:1730:13:MX_TIM2_Init	64	static
main.c:1788:13:MX_TIM5_Init	32	static
main.c:1833:13:MX_TIM8_Init	56	static
main.c:1886:13:MX_TIM9_Init	56	static
main.c:1943:13:MX_USART3_UART_Init	8	static
main.c:1976:13:MX_USB_OTG_FS_PCD_Init	8	static
main.c:2009:13:MX_DMA_Init	16	static
main.c:2037:13:MX_GPIO_Init	56	static
main.c:2116:6:set_pwm_off	4	static
main.c:2123:6:step_through_pole_angles	696	dynamic
main.c:2269:6:step_through_pwm_percent	56	static
main.c:2283:6:explore_limits	24	static
main.c:2313:6:delay_SPI	16	static
main.c:2321:6:playSound	32	static
main.c:2344:6:calc_lookup	32	static
main.c:2358:6:calc_sin_lookup	32	static
main.c:2364:6:calc_cos_lookup	32	static
main.c:2370:6:DMAUSARTTransferComplete	16	static
main.c:2381:6:HAL_GPIO_EXTI_Callback	32	static,ignoring_inline_asm
main.c:2430:6:HAL_TIM_OC_DelayElapsedCallback	40	static
main.c:2567:6:update_pwm	36	static
main.c:2770:6:HAL_TIM_IC_CaptureCallback	32	static
main.c:2811:7:omega_division	16	static
main.c:2815:9:encoder_jump_comp	16	static
main.c:2839:6:fast_control_task	80	static
main.c:2980:6:slow_control_task	4	static
main.c:2985:7:convert2SI_strain0	16	static
main.c:2989:6:keyboard_intake	8	static
main.c:3143:6:print_prep_task	64	static
main.c:3337:6:print_task	16	static
main.c:3360:6:timing_party	4	static
main.c:3396:6:Error_Handler	4	static
