main.c:336:5:main	800	static
main.c:1084:6:CAN1_RX0_IRQHandler	24	static
main.c:1171:6:SystemClock_Config	104	static
main.c:1225:13:MX_ADC1_Init	56	static
main.c:1347:13:MX_ADC2_Init	56	static
main.c:1469:13:MX_ADC3_Init	56	static
main.c:1591:13:MX_CAN1_Init	8	static
main.c:1628:13:MX_I2C1_Init	8	static
main.c:1662:13:MX_I2C2_Init	8	static
main.c:1696:13:MX_RTC_Init	8	static
main.c:1730:13:MX_SPI2_Init	8	static
main.c:1768:13:MX_TIM1_Init	96	static
main.c:1861:13:MX_TIM2_Init	64	static
main.c:1919:13:MX_TIM3_Init	64	static
main.c:1977:13:MX_TIM5_Init	32	static
main.c:2022:13:MX_TIM6_Init	16	static
main.c:2060:13:MX_TIM8_Init	56	static
main.c:2113:13:MX_TIM9_Init	56	static
main.c:2170:13:MX_TIM12_Init	56	static
main.c:2221:13:MX_TIM13_Init	24	static
main.c:2266:13:MX_USART3_UART_Init	8	static
main.c:2299:13:MX_USB_OTG_FS_PCD_Init	8	static
main.c:2332:13:MX_DMA_Init	16	static
main.c:2360:13:MX_GPIO_Init	56	static
main.c:2431:6:set_pwm_off	4	static
main.c:2437:6:step_through_pole_angles	352	static
main.c:2504:6:step_through_pwm_percent	16	static
main.c:2517:6:explore_limits	24	static
main.c:2548:6:delayMs	24	static
main.c:2556:6:delay_SPI	16	static
main.c:2573:6:myDelay	8	static
main.c:2578:6:playSound	24	static
main.c:2610:6:calc_lookup	40	static
main.c:2617:6:DMAUSARTTransferComplete	16	static
main.c:2621:6:HAL_ADC_ConvHalfCpltCallback	16	static
main.c:2625:6:HAL_ADC_ConvCpltCallback	16	static
main.c:2637:6:HAL_TIM_PeriodElapsedCallback	72	static
main.c:2700:6:HAL_GPIO_EXTI_Callback	32	static,ignoring_inline_asm
main.c:2759:6:HAL_TIM_IC_CaptureCallback	40	static
main.c:2873:6:update_pwm	40	static
main.c:3073:6:Error_Handler	4	static
