main.c:106:5:main	296	static
main.c:496:6:SystemClock_Config	88	static
main.c:540:13:MX_ADC1_Init	24	static
main.c:590:13:MX_ADC2_Init	24	static
main.c:640:13:MX_CAN1_Init	8	static
main.c:677:13:MX_I2C1_Init	8	static
main.c:711:13:MX_I2C2_Init	8	static
main.c:745:13:MX_SPI2_Init	8	static
main.c:783:13:MX_TIM1_Init	96	static
main.c:866:13:MX_TIM8_Init	56	static
main.c:916:13:MX_TIM9_Init	56	static
main.c:973:13:MX_TIM13_Init	24	static
main.c:1018:13:MX_USART3_UART_Init	8	static
main.c:1051:13:MX_GPIO_Init	56	static
main.c:1108:6:delayMs	24	static
main.c:1126:6:HAL_GPIO_EXTI_Callback	16	static,ignoring_inline_asm
main.c:1141:6:Error_Handler	4	static
