main.c:105:5:main	176	static
main.c:484:6:SystemClock_Config	88	static
main.c:529:13:MX_ADC1_Init	24	static
main.c:579:13:MX_ADC2_Init	24	static
main.c:629:13:MX_CAN1_Init	8	static
main.c:666:13:MX_I2C1_Init	8	static
main.c:700:13:MX_I2C2_Init	8	static
main.c:734:13:MX_SPI2_Init	8	static
main.c:772:13:MX_TIM1_Init	96	static
main.c:855:13:MX_TIM8_Init	56	static
main.c:905:13:MX_TIM9_Init	56	static
main.c:962:13:MX_TIM13_Init	24	static
main.c:1007:13:MX_USART3_UART_Init	8	static
main.c:1040:13:MX_USB_OTG_FS_PCD_Init	8	static
main.c:1075:13:MX_GPIO_Init	56	static
main.c:1126:6:delayMs	24	static
main.c:1144:6:HAL_GPIO_EXTI_Callback	16	static,ignoring_inline_asm
main.c:1159:6:Error_Handler	4	static
