stm32f4xx_it.c:86:6:NMI_Handler	4	static
stm32f4xx_it.c:99:6:HardFault_Handler	4	static
stm32f4xx_it.c:114:6:MemManage_Handler	4	static
stm32f4xx_it.c:129:6:BusFault_Handler	4	static
stm32f4xx_it.c:144:6:UsageFault_Handler	4	static
stm32f4xx_it.c:159:6:SVC_Handler	4	static
stm32f4xx_it.c:172:6:DebugMon_Handler	4	static
stm32f4xx_it.c:185:6:PendSV_Handler	4	static
stm32f4xx_it.c:198:6:SysTick_Handler	8	static
stm32f4xx_it.c:219:6:DMA1_Stream3_IRQHandler	8	static
stm32f4xx_it.c:233:6:ADC_IRQHandler	8	static
stm32f4xx_it.c:249:6:EXTI9_5_IRQHandler	8	static
stm32f4xx_it.c:263:6:TIM1_BRK_TIM9_IRQHandler	8	static
stm32f4xx_it.c:278:6:TIM1_UP_TIM10_IRQHandler	8	static
stm32f4xx_it.c:292:6:TIM1_TRG_COM_TIM11_IRQHandler	8	static
stm32f4xx_it.c:306:6:TIM1_CC_IRQHandler	8	static
stm32f4xx_it.c:320:6:TIM3_IRQHandler	8	static
stm32f4xx_it.c:334:6:SPI2_IRQHandler	8	static
stm32f4xx_it.c:348:6:USART3_IRQHandler	8	static
stm32f4xx_it.c:362:6:TIM8_BRK_TIM12_IRQHandler	8	static
stm32f4xx_it.c:377:6:TIM8_UP_TIM13_IRQHandler	8	static
stm32f4xx_it.c:392:6:TIM8_TRG_COM_TIM14_IRQHandler	8	static
stm32f4xx_it.c:406:6:TIM8_CC_IRQHandler	8	static
stm32f4xx_it.c:420:6:TIM5_IRQHandler	8	static
stm32f4xx_it.c:434:6:TIM6_DAC_IRQHandler	8	static
stm32f4xx_it.c:448:6:DMA2_Stream0_IRQHandler	8	static
stm32f4xx_it.c:462:6:DMA2_Stream1_IRQHandler	8	static
stm32f4xx_it.c:476:6:DMA2_Stream2_IRQHandler	8	static
