stm32f4xx_hal_msp.c:73:6:HAL_MspInit	16	static
stm32f4xx_hal_msp.c:95:6:HAL_ADC_MspInit	80	static
stm32f4xx_hal_msp.c:288:6:HAL_ADC_MspDeInit	16	static
stm32f4xx_hal_msp.c:418:6:HAL_CAN_MspInit	48	static
stm32f4xx_hal_msp.c:454:6:HAL_CAN_MspDeInit	16	static
stm32f4xx_hal_msp.c:483:6:HAL_I2C_MspInit	56	static
stm32f4xx_hal_msp.c:543:6:HAL_I2C_MspDeInit	16	static
stm32f4xx_hal_msp.c:590:6:HAL_RTC_MspInit	16	static
stm32f4xx_hal_msp.c:612:6:HAL_RTC_MspDeInit	16	static
stm32f4xx_hal_msp.c:634:6:HAL_SPI_MspInit	48	static
stm32f4xx_hal_msp.c:675:6:HAL_SPI_MspDeInit	16	static
stm32f4xx_hal_msp.c:708:6:HAL_TIM_Base_MspInit	72	static
stm32f4xx_hal_msp.c:847:6:HAL_TIM_Encoder_MspInit	48	static
stm32f4xx_hal_msp.c:886:6:HAL_TIM_MspPostInit	48	static
stm32f4xx_hal_msp.c:945:6:HAL_TIM_Base_MspDeInit	16	static
stm32f4xx_hal_msp.c:1101:6:HAL_TIM_Encoder_MspDeInit	16	static
stm32f4xx_hal_msp.c:1149:6:HAL_UART_MspInit	48	static
stm32f4xx_hal_msp.c:1207:6:HAL_UART_MspDeInit	16	static
stm32f4xx_hal_msp.c:1241:6:HAL_PCD_MspInit	48	static
stm32f4xx_hal_msp.c:1277:6:HAL_PCD_MspDeInit	16	static
