stm32f4xx_it.c:77:6:NMI_Handler	4	static
stm32f4xx_it.c:90:6:HardFault_Handler	4	static
stm32f4xx_it.c:105:6:MemManage_Handler	4	static
stm32f4xx_it.c:120:6:BusFault_Handler	4	static
stm32f4xx_it.c:135:6:UsageFault_Handler	4	static
stm32f4xx_it.c:150:6:SVC_Handler	4	static
stm32f4xx_it.c:163:6:DebugMon_Handler	4	static
stm32f4xx_it.c:176:6:PendSV_Handler	4	static
stm32f4xx_it.c:189:6:SysTick_Handler	8	static
stm32f4xx_it.c:210:6:ADC_IRQHandler	8	static
stm32f4xx_it.c:225:6:EXTI9_5_IRQHandler	8	static
stm32f4xx_it.c:239:6:TIM1_BRK_TIM9_IRQHandler	8	static
stm32f4xx_it.c:254:6:TIM1_UP_TIM10_IRQHandler	8	static
stm32f4xx_it.c:268:6:TIM1_TRG_COM_TIM11_IRQHandler	8	static
stm32f4xx_it.c:282:6:TIM1_CC_IRQHandler	8	static
stm32f4xx_it.c:296:6:SPI2_IRQHandler	8	static
stm32f4xx_it.c:310:6:USART3_IRQHandler	8	static
stm32f4xx_it.c:324:6:TIM8_BRK_TIM12_IRQHandler	8	static
stm32f4xx_it.c:338:6:TIM8_UP_TIM13_IRQHandler	8	static
stm32f4xx_it.c:353:6:TIM8_TRG_COM_TIM14_IRQHandler	8	static
stm32f4xx_it.c:367:6:TIM8_CC_IRQHandler	8	static
